┌ many-lines-test - tail -f app.log ───────────────────────────────────────────┐
│ 91 Line 91: Log message number 91                                            │
│ 92 Line 92: Log message number 92                                            │
│ 93 Line 93: Log message number 93                                            │
│ 94 Line 94: Log message number 94                                            │
│ 95 Line 95: Log message number 95                                            │
│ 96 Line 96: Log message number 96                                            │
│ 97 Line 97: Log message number 97                                            │
│ 98 Line 98: Log message number 98                                            │
│ 99 Line 99: Log message number 99                                            │
│100 Line 100: Log message number 100                                          │
│                                                                              │
├──────────────────────────────────────────────────────────────────────────────┤
│ j/k:Scroll  h/l:H-Scroll  g/G:Top/Bot  C-d/u:Page  C-f:Auto(ON)  Esc:Back  q │
└──────────────────────────────────────────────────────────────────────────────┘