┌ log-display-test - test command ─────────────────────────────────────────────┐
│1 Line 1: Starting process                                                    │
│2 Line 2: Processing...                                                       │
│3 Line 3: Complete                                                            │
│                                                                              │
│                                                                              │
│                                                                              │
│                                                                              │
│                                                                              │
│                                                                              │
│                                                                              │
│                                                                              │
├──────────────────────────────────────────────────────────────────────────────┤
│ j/k:Scroll  h/l:H-Scroll  g/G:Top/Bot  C-d/u:Page  C-f:Auto(ON)  Esc:Back  q │
└──────────────────────────────────────────────────────────────────────────────┘
